../Core/Src/main.c:93:5:main	8	static
../Core/Src/main.c:183:6:SystemClock_Config	72	static
../Core/Src/main.c:220:13:MX_GPIO_Init	40	static
../Core/Src/main.c:246:6:AccessSharedData	8	static
../Core/Src/main.c:265:6:SimulateReadWriteOperation	16	static,ignoring_inline_asm
../Core/Src/main.c:283:6:StartDefaultTask	16	static
../Core/Src/main.c:301:6:RedLed	16	static
../Core/Src/main.c:326:6:GreenLed	16	static
../Core/Src/main.c:359:6:HAL_TIM_PeriodElapsedCallback	16	static
../Core/Src/main.c:376:6:Error_Handler	4	static,ignoring_inline_asm
